Constructors
  <C:\Users\jeans\Desktop\QuaNThoR\mizar\prel\h\hidden.dco
  The list of all imported constructors
      M   L   V   R   K   U   G
   +HIDDEN
     +2          +2            
      2   0   0   2   0   0   0
Requirements
  <C:\Users\jeans\Desktop\QuaNThoR\mizar\prel\h\hidden.dre
Registrations
Notations
  <C:\Users\jeans\Desktop\QuaNThoR\mizar\prel\h\hidden.dno
